[debug] [2026-06-14T16:24:24.878Z] : 
[debug] [2026-06-14T16:24:24.881Z] : ----------------------------------------------------------------------
[debug] [2026-06-14T16:24:24.882Z] : Command:      C:\Program Files\nodejs\node.exe C:\Users\Chandana K T\AppData\Roaming\npm\node_modules\zcatalyst-cli\lib\bin\catalyst.js serve --only functions
[debug] [2026-06-14T16:24:24.882Z] : CLI Version:  1.26.0
[debug] [2026-06-14T16:24:24.882Z] : Platform:     win32
[debug] [2026-06-14T16:24:24.883Z] : Node Version: v22.22.3
[debug] [2026-06-14T16:24:24.883Z] : Time:         Sun Jun 14 2026 21:54:24 GMT+0530 (India Standard Time)
[debug] [2026-06-14T16:24:24.883Z] : ----------------------------------------------------------------------
[debug] [2026-06-14T16:24:24.883Z] : 
[debug] [2026-06-14T16:24:25.792Z] : > authorizing via signed-in user option
[debug] [2026-06-14T16:24:25.793Z] : > command requires scopes: ["ZohoCatalyst.projects.ALL","ZohoCatalyst.apigateway.apis.READ","ZohoCatalyst.apigateway.READ","ZohoCatalyst.segments.ALL","ZohoCatalyst.cache.READ","ZohoCatalyst.cache.CREATE","ZohoCatalyst.cache.DELETE","ZohoCatalyst.projects.ALL","ZohoCatalyst.cron.ALL","ZohoCatalyst.zcql.CREATE","ZohoCatalyst.projects.users.READ","ZohoCatalyst.projects.users.CREATE","ZohoCatalyst.projects.users.DELETE","ZohoCatalyst.projects.users.UPDATE","ZohoCatalyst.authentication.CREATE","ZohoCatalyst.email.CREATE","ZohoCatalyst.tables.ALL","ZohoCatalyst.tables.rows.ALL","ZohoCatalyst.tables.columns.ALL","ZohoCatalyst.tables.bulk.CREATE","ZohoCatalyst.tables.bulk.READ","ZohoCatalyst.folders.ALL","ZohoCatalyst.files.CREATE","ZohoCatalyst.files.READ","ZohoCatalyst.files.DELETE","ZohoCatalyst.functions.ALL","ZohoCatalyst.functions.EXECUTE","ZohoCatalyst.eventlistners.ALL","ZohoCatalyst.eventlisteners.produce","ZohoCatalyst.security.rules.Read","ZohoCatalyst.security.rules.Update","ZohoCatalyst.notifications.mobile","ZohoCatalyst.notifications.web","ZohoCatalyst.search.READ","ZohoCatalyst.mlkit.READ","QuickML.deployment.READ","ZohoCatalyst.pdfshot.execute","ZohoCatalyst.grid.READ","ZohoCatalyst.grid.terminate","ZohoCatalyst.circuits.execution.DELETE","ZohoCatalyst.circuits.execution.READ","ZohoCatalyst.circuits.execute","ZohoCatalyst.appsail.Read","ZohoCatalyst.jobpool.READ","ZohoCatalyst.job.ALL","ZohoCatalyst.nosql.READ","ZohoCatalyst.nosql.rows.ALL"]
[debug] [2026-06-14T16:24:25.830Z] : >>>> HTTP REQUEST : GET https://api.catalyst.zoho.in/baas/v1/project/44581000000020001 

[debug] [2026-06-14T16:24:26.186Z] : <<<< HTTP RESPONSE : 200
Response Headers: {"server":"ZGS","date":"Sun, 14 Jun 2026 16:24:27 GMT","content-type":"application/vnd.catalyst.v2+json","transfer-encoding":"chunked","connection":"keep-alive","x-content-type-options":"nosniff","cache-control":"private,no-cache,no-store,max-age=0,must-revalidate","pragma":"no-cache","expires":"Thu, 01 Jan 1970 00:00:00 GMT","x-frame-options":"DENY","strict-transport-security":"max-age=64072000; includeSubDomains; preload"}

[debug] [2026-06-14T16:24:26.200Z] : >>>> HTTP REQUEST : GET https://api.catalyst.zoho.in/baas/v1/project/44581000000020001/environment 

[debug] [2026-06-14T16:24:26.284Z] : <<<< HTTP RESPONSE : 200
Response Headers: {"server":"ZGS","date":"Sun, 14 Jun 2026 16:24:27 GMT","content-type":"application/vnd.catalyst.v2+json","transfer-encoding":"chunked","connection":"keep-alive","x-content-type-options":"nosniff","cache-control":"private,no-cache,no-store,max-age=0,must-revalidate","pragma":"no-cache","expires":"Thu, 01 Jan 1970 00:00:00 GMT","x-frame-options":"DENY","strict-transport-security":"max-age=64072000; includeSubDomains; preload"}

[debug] [2026-06-14T16:24:26.591Z] : Build folder already exists, starting cleanup
[debug] [2026-06-14T16:24:27.036Z] : >>>> HTTP REQUEST : GET https://api.catalyst.zoho.in/baas/get-details 
Query params: {"feature_name":"runtime"}

[debug] [2026-06-14T16:24:27.102Z] : <<<< HTTP RESPONSE : 200
Response Headers: {"server":"ZGS","date":"Sun, 14 Jun 2026 16:24:28 GMT","content-type":"application/vnd.catalyst.v2+json","transfer-encoding":"chunked","connection":"keep-alive","x-content-type-options":"nosniff","cache-control":"private,no-cache,no-store,max-age=0,must-revalidate","pragma":"no-cache","expires":"Thu, 01 Jan 1970 00:00:00 GMT","x-frame-options":"DENY","strict-transport-security":"max-age=64072000; includeSubDomains; preload"}

[debug] [2026-06-14T16:24:27.109Z] : >>>> HTTP REQUEST : GET https://api.catalyst.zoho.in/baas/v1/project/44581000000020001/function 
Query params: {"type":"basicio,event,cron,applogic,integration,browser_logic,job"}

[debug] [2026-06-14T16:24:27.205Z] : <<<< HTTP RESPONSE : 200
Response Headers: {"server":"ZGS","date":"Sun, 14 Jun 2026 16:24:28 GMT","content-type":"application/vnd.catalyst.v2+json","transfer-encoding":"chunked","connection":"keep-alive","x-content-type-options":"nosniff","cache-control":"private,no-cache,no-store,max-age=0,must-revalidate","pragma":"no-cache","expires":"Thu, 01 Jan 1970 00:00:00 GMT","x-frame-options":"DENY","strict-transport-security":"max-age=64072000; includeSubDomains; preload"}

[debug] [2026-06-14T16:24:27.215Z] : unknown eol undefined hence skipping check
[debug] [2026-06-14T16:24:27.217Z] : unknown eol undefined hence skipping check
[debug] [2026-06-14T16:24:27.217Z] : unknown eol undefined hence skipping check
[debug] [2026-06-14T16:24:27.218Z] : unknown eol undefined hence skipping check
[debug] [2026-06-14T16:24:27.219Z] : unknown eol undefined hence skipping check
[debug] [2026-06-14T16:24:27.220Z] : unknown eol undefined hence skipping check
[debug] [2026-06-14T16:24:27.251Z] : Node binary for stack node22 is at C:\Program Files\nodejs\node.exe
[debug] [2026-06-14T16:24:28.947Z] : http port : '4200' is not available. Hence port '4201' will be used instead.
[debug] [2026-06-14T16:24:28.947Z] : http port : '4200' is not available. Hence port '4202' will be used instead.
[debug] [2026-06-14T16:24:28.947Z] : http port : '4200' is not available. Hence port '4203' will be used instead.
[debug] [2026-06-14T16:24:28.947Z] : http port : '4200' is not available. Hence port '4204' will be used instead.
[debug] [2026-06-14T16:24:28.947Z] : http port : '4200' is not available. Hence port '4205' will be used instead.
[debug] [2026-06-14T16:24:29.444Z] : No API Gateway configuration found. Skipping API Gateway rules
[info] [2026-06-14T16:24:29.463Z] : 
[info] [2026-06-14T16:24:29.465Z] :  >>>>>>>>>>>>>> Basic I/O <<<<<<<<<<<<< 
[info] [2026-06-14T16:24:29.466Z] : i crime-search    : http://localhost:3000/server/crime-search/execute
[info] [2026-06-14T16:24:29.470Z] : i analytics-engine: http://localhost:3000/server/analytics-engine/execute
[info] [2026-06-14T16:24:29.472Z] : i network-analysis: http://localhost:3000/server/network-analysis/execute
[info] [2026-06-14T16:24:29.476Z] : i report-generator: http://localhost:3000/server/report-generator/execute
[info] [2026-06-14T16:24:29.484Z] : i fir-processor   : http://localhost:3000/server/fir-processor/execute
[info] [2026-06-14T16:24:29.487Z] : i ocr-engine      : http://localhost:3000/server/ocr-engine/execute
[info] [2026-06-14T16:24:29.489Z] : 
[info] [2026-06-14T16:24:32.794Z] : [1781454272793]  "GET"  "/server/analytics-engine/execute"
[info] [2026-06-14T16:24:32.866Z] : [1781454272866]  "GET"  "/server/analytics-engine/execute"
[info] [2026-06-14T16:24:38.905Z] : [1781454278904]  "GET"  "/server/network-analysis/execute"
[info] [2026-06-14T16:24:38.962Z] : [1781454278961]  "GET"  "/server/network-analysis/execute"
[info] [2026-06-14T16:24:40.682Z] : [1781454280682]  "GET"  "/server/report-generator/execute"
[info] [2026-06-14T16:24:40.742Z] : [1781454280741]  "GET"  "/server/report-generator/execute"
[info] [2026-06-14T16:24:57.510Z] : [1781454297509]  "GET"  "/server/report-generator/execute"
